# 版本一：短帖（适合微博/朋友圈，约100字）

**标题：打工人必备！这几款AI写作工具让我效率翻倍🚀**

自从用了AI写作工具，我的文案、周报、小红书笔记全都半小时搞定！强烈推荐：
1️⃣ **ChatGPT**：万能选手，写啥都行
2️⃣ **Claude**：逻辑超强，适合写长文
3️⃣ **通义千问**：中文理解力yyds
4️⃣ **秘塔写作猫**：一键润色，小白也能写出爆款

写作焦虑？不存在的！快去试试吧～ #AI写作 #效率工具 #打工人福音

---

# 版本二：中帖（适合小红书，约300-500字）

**标题：写不出文案？这5款AI写作工具救我于水火🔥**

姐妹们！作为一个每天被文案逼疯的打工人，我试了N多AI写作工具，终于找到了几个真正好用的！良心推荐，亲测有效💪

---

**1️⃣ ChatGPT（万能型）**
写小红书笔记、公众号长文、周报总结……啥都能写。只要你提示词写得好，它就能给你惊喜✨
👉适合：所有写作场景

**2️⃣ Claude（逻辑型）**
写长文、论文、深度分析类内容，Claude的逻辑能力真的绝绝子！而且免费额度超大方～
👉适合：需要深度思考的内容

**3️⃣ 通义千问（中文友好）**
阿里出品，中文理解力太强了！写小红书文案、朋友圈文案，几乎不用改，直接发！
👉适合：中文内容创作

**4️⃣ 秘塔写作猫（小白友好）**
不会写提示词？没关系！它自带模板，选好类型就能一键生成，还有润色功能～
👉适合：写作新手、不想动脑的懒人

**5️⃣ Notion AI（集成型）**
如果你已经在用Notion做笔记，那这个功能就是锦上添花！直接在文档里召唤AI，太方便了～
👉适合：Notion重度用户

---

**💡小Tips：**
- 提示词越具体，AI给的结果越好
- 别直接复制粘贴，一定要加自己的风格
- 多用几个工具对比，找到最适合自己的

赶紧收藏起来，写作再也不焦虑！评论区告诉我你最喜欢哪个～

#AI写作 #写作工具推荐 #效率神器 #打工人必备 #小红书运营 #文案写作

---

# 版本三：长帖（适合深度分享，约800字）

**标题：从写作小白到日更达人，我只用了这4款AI写作工具**

你有没有这样的经历——
❌ 打开空白文档，脑子一片空白
❌ 写了一小时，删了删又写了写
❌ deadline就在眼前，却一个字都憋不出来

别慌，你不是一个人。我曾经也是这样的写作困难户，直到我开始用AI写作工具。

今天，我从“工具对比 + 使用场景 + 避坑指南”三个维度，给你拆解4款亲测好用的AI写作工具，看完就能立刻上手！

---

## 一、工具对比

### 1️⃣ ChatGPT——全能型选手
- **优点**：功能最全面，支持多轮对话，能写文案、代码、翻译、创意脑暴
- **缺点**：需要科学上网，免费版有时限
- **适合场景**：小红书笔记、公众号文章、邮件、广告文案、周报总结

### 2️⃣ Claude——深度思考型
- **优点**：长文逻辑极强，支持超长上下文（100K tokens），适合写深度内容
- **缺点**：界面略简陋，不支持中文界面
- **适合场景**：论文框架、行业分析、技术博客、长篇小说

### 3️⃣ 通义千问——中文最强
- **优点**：中文理解力吊打海外工具，免费额度多，支持联网搜索
- **缺点**：英文能力稍弱，创意性不如ChatGPT
- **适合场景**：中文文案、朋友圈、小红书、品牌故事、新闻稿

### 4️⃣ 秘塔写作猫——小白入门
- **优点**：模板丰富，操作简单，一键改写/润色/扩写
- **缺点**：深度创作能力有限，不适合长文
- **适合场景**：公众号标题、朋友圈文案、紧急赶稿、内容改写

---

## 二、我的使用场景

**场景1：写小红书笔记**
先用ChatGPT brainstorm选题，再用通义千问写初稿，最后用秘塔写作猫润色语气。整个过程不超过15分钟，效率直接提升5倍！

**场景2：写周报/复盘**
直接把本周工作内容扔给Claude，告诉它“帮我整理成周报格式，突出成果和下一步计划”。3分钟出稿，老板直夸我逻辑清晰。

**场景3：写公众号长文**
先用ChatGPT搭建文章框架，再用Claude分段扩展内容，最后自己调整语气和案例。一篇文章从构思到发布，以前要4小时，现在1小时搞定。

---

## 三、避坑指南

⚠️ **别直接复制粘贴**
AI写的文字再完美，也缺少你的个人风格和真实经历。一定要加入自己的故事、观点、感受。

⚠️ **提示词要具体**
“帮我写一篇小红书笔记” → 太宽泛
“帮我写一篇关于‘油皮夏日护肤’的小红书笔记，目标人群是20岁左右女生，语气要活泼亲切，包含3个产品推荐” → 完美

⚠️ **多个工具搭配使用**
别只依赖一个工具。ChatGPT创意好，Claude逻辑强，通义千问中文好，秘塔写作猫润色快。组合使用，效果翻倍。

⚠️ **保留人工审核**
AI偶尔会“胡说八道”，尤其是事实性内容（数据、人名、日期）。发布前一定要自己核实一遍。

---

## 写在最后

AI写作工具不是来取代你的，而是来帮你解放双手的。把重复性、机械性的写作任务交给AI，把创意、情感、思考留给自己。

如果你还没开始用AI写作，今天就是最好的时机。选一个工具，写一篇笔记，你会发现——原来写作可以这么轻松。

**你最想用AI写什么内容？评论区告诉我，我教你对应的提示词写法！**

#AI写作 #写作工具 #效率提升 #内容创作 #小红书运营 #打工人必备 #写作干货